Microchip MPLAB XC8 Compiler V2.30

Linker command line:

-W-3 --edf=C:\Program Files\Microchip\xc8\v2.30\pic\dat\en_msgs.txt -cn \
  -h+dist/default/production\mrf89xam8a-irm-tranceiver.X.production.sym \
  --cmf=dist/default/production\mrf89xam8a-irm-tranceiver.X.production.cmf \
  -z -w9 --disl=596:off --norlf -Q18F26K22 \
  -oC:\Users\karst\AppData\Local\Temp\sfqkx2 --defsym=__MPLAB_BUILD=1 \
  -Mdist/default/production/mrf89xam8a-irm-tranceiver.X.production.map -E1 \
  -ver=XC8 Compiler --acfsm=1493 -ACODE=00h-0FFFFh -ACONST=00h-0FFFFh \
  -ASMALLCONST=01000h-010FFhx240 -AMEDIUMCONST=01000h-0FFFFh \
  -ACOMRAM=01h-05Fh -AABS1=00h-0F37h -ABIGRAM=01h-0F37h \
  -ARAM=060h-0FFh,0100h-01FFhx14,0F00h-0F37h -ABANK0=060h-0FFh \
  -ABANK1=0100h-01FFh -ABANK2=0200h-02FFh -ABANK3=0300h-03FFh \
  -ABANK4=0400h-04FFh -ABANK5=0500h-05FFh -ABANK6=0600h-06FFh \
  -ABANK7=0700h-07FFh -ABANK8=0800h-08FFh -ABANK9=0900h-09FFh \
  -ABANK10=0A00h-0AFFh -ABANK11=0B00h-0BFFh -ABANK12=0C00h-0CFFh \
  -ABANK13=0D00h-0DFFh -ABANK14=0E00h-0EFFh -ABANK15=0F00h-0F37h \
  -ASFR=0F38h-0F5Fh,0F60h-0FFFh -ACONFIG=0300000h-030000Dh \
  -AIDLOC=0200000h-0200007h -AEEDATA=0F00000h-0F003FFh -peeprom_data=EEDATA \
  -preset_vec=00h,intcode,intcodelo,powerup,init -pramtop=01000h \
  -psmallconst=SMALLCONST -pmediumconst=MEDIUMCONST -pconst=CONST \
  -AFARRAM=00h-00h \
  -prdata=COMRAM,nvrram=COMRAM,nvbit=COMRAM,rbss=COMRAM,rbit=COMRAM \
  -pfarbss=FARRAM,fardata=FARRAM,nvFARRAM=FARRAM \
  -pintsave_regs=BIGRAM,bigbss=BIGRAM,bigdata=BIGRAM -pbss=RAM \
  -pidata=CODE,irdata=CODE,ibigdata=CODE,ifardata=CODE \
  C:\Users\karst\AppData\Local\Temp\sfqkx8.o \
  dist/default/production\mrf89xam8a-irm-tranceiver.X.production.o 

Object code version is 3.11

Machine type is 18F26K22



                Name                               Link     Load   Length Selector   Space Scale
C:\Users\karst\AppData\Local\Temp\sfqkx8.o
                idloc                            200000   200000        8        0       5
                config                           300000   300000        E        0       4
                init                                  0        0        4        0       0
dist/default/production\mrf89xam8a-irm-tranceiver.X.production.o
                idloc                            200000   200000        8        0       5
                config                           300000   300000        E        0       4
                text3                              FFBC     FFBC       1C     7FDE       0
                text2                              FFD8     FFD8       28     7FEC       0
                text1                              FF9E     FF9E        A     7FCF       0
                text0                              FFA8     FFA8       14     7FD4       0
                cinit                              FF98     FF98        6     7FCC       0

TOTAL           Name                               Link     Load   Length     Space
        CLASS   CODE           
                init                                  0        0        4         0
                text3                              FFBC     FFBC       1C         0
                text2                              FFD8     FFD8       28         0
                text1                              FF9E     FF9E        A         0
                text0                              FFA8     FFA8       14         0
                cinit                              FF98     FF98        6         0

        CLASS   CONST          

        CLASS   SMALLCONST     

        CLASS   MEDIUMCONST    

        CLASS   COMRAM         

        CLASS   ABS1           

        CLASS   BIGRAM         

        CLASS   RAM            

        CLASS   BANK0          

        CLASS   BANK1          

        CLASS   BANK2          

        CLASS   BANK3          

        CLASS   BANK4          

        CLASS   BANK5          

        CLASS   BANK6          

        CLASS   BANK7          

        CLASS   BANK8          

        CLASS   BANK9          

        CLASS   BANK10         

        CLASS   BANK11         

        CLASS   BANK12         

        CLASS   BANK13         

        CLASS   BANK14         

        CLASS   BANK15         

        CLASS   SFR            

        CLASS   CONFIG         
                config                           300000   300000        E         4

        CLASS   IDLOC          
                idloc                            200000   200000        8         5

        CLASS   EEDATA         

        CLASS   FARRAM         

        CLASS   STACK          



SEGMENTS        Name                           Load    Length   Top    Selector   Space  Class

                reset_vec                      000000  000004  000004         0       0  CODE    
                cinit                          00FF98  000006  00FF9E      7FCC       0  CODE    
                text1                          00FF9E  00000A  00FFA8      7FCF       0  CODE    
                text0                          00FFA8  000014  00FFBC      7FD4       0  CODE    
                text3                          00FFBC  00001C  00FFD8      7FDE       0  CODE    
                text2                          00FFD8  000028  010000      7FEC       0  CODE    


UNUSED ADDRESS RANGES

        Name                Unused          Largest block    Delta
        BANK0            000060-0000FF               A0
        BANK1            000100-0001FF              100
        BANK10           000A00-000AFF              100
        BANK11           000B00-000BFF              100
        BANK12           000C00-000CFF              100
        BANK13           000D00-000DFF              100
        BANK14           000E00-000EFF              100
        BANK15           000F00-000F37               38
        BANK2            000200-0002FF              100
        BANK3            000300-0003FF              100
        BANK4            000400-0004FF              100
        BANK5            000500-0005FF              100
        BANK6            000600-0006FF              100
        BANK7            000700-0007FF              100
        BANK8            000800-0008FF              100
        BANK9            000900-0009FF              100
        BIGRAM           000001-000F37              F37
        CODE             000004-00FF97             FF94
        COMRAM           000001-00005F               5F
        CONST            000004-00FF97             FF94
        EEDATA           F00000-F003FF              400
        MEDIUMCONST      001000-00FF97             EF98
        RAM              000060-000F37              100
        SFR              000F38-000FFF               28
        SMALLCONST       001000-00FF97              100

                                  Symbol Table

_INTERRUPT_GlobalInterruptEnable                        
_INTERRUPT_PeripheralInterruptEnable                    
__HRAM                               (abs)        000000
__Habs1                              abs1         000000
__Hbank0                             bank0        000000
__Hbank1                             bank1        000000
__Hbank10                            bank10       000000
__Hbank11                            bank11       000000
__Hbank12                            bank12       000000
__Hbank13                            bank13       000000
__Hbank14                            bank14       000000
__Hbank15                            bank15       000000
__Hbank2                             bank2        000000
__Hbank3                             bank3        000000
__Hbank4                             bank4        000000
__Hbank5                             bank5        000000
__Hbank6                             bank6        000000
__Hbank7                             bank7        000000
__Hbank8                             bank8        000000
__Hbank9                             bank9        000000
__Hbigbss                            bigbss       000000
__Hbigdata                           bigdata      000000
__Hbigram                            bigram       000000
__Hbss                               bss          000000
__Hcinit                             cinit        000000
__Hclrtext                           clrtext      000000
__Hcomram                            comram       000000
__Hconst                             const        000000
__HcstackCOMRAM                      cstackCOMRAM 000000
__Hdata                              data         000000
__Heeprom_data                       eeprom_data  000000
__Hfarbss                            farbss       000000
__Hfardata                           fardata      000000
__Hibigdata                          ibigdata     000000
__Hidata                             idata        000000
__Hifardata                          ifardata     000000
__Hintcode                           intcode      000000
__Hintcode_body                      intcode_body 000000
__Hintcodelo                         intcodelo    000000
__Hintentry                          intentry     000000
__Hintret                            intret       000000
__Hintsave_regs                      intsave_regs 000000
__Hirdata                            irdata       000000
__Hmediumconst                       mediumconst  000000
__HnvFARRAM                          nvFARRAM     000000
__Hnvbit                             nvbit        000000
__Hnvrram                            nvrram       000000
__Hparam                             rparam       000000
__Hpowerup                           powerup      000000
__Hram                               ram          000000
__Hrbit                              rbit         000000
__Hrbss                              rbss         000000
__Hrdata                             rdata        000000
__Hreset_vec                         reset_vec    000000
__Hrparam                            rparam       000000
__Hsfr                               sfr          000000
__Hsmallconst                        smallconst   000000
__Hspace_1                           (abs)        000000
__Hspace_2                           (abs)        000000
__Hstack                             stack        000000
__Hstruct                            struct       000000
__Htemp                              temp         000000
__Htext                              text         000000
__Htext0                             text0        000000
__Htext1                             text1        000000
__Htext2                             text2        000000
__Htext3                             text3        000000
__Labs1                              abs1         000000
__Lbank0                             bank0        000000
__Lbank1                             bank1        000000
__Lbank10                            bank10       000000
__Lbank11                            bank11       000000
__Lbank12                            bank12       000000
__Lbank13                            bank13       000000
__Lbank14                            bank14       000000
__Lbank15                            bank15       000000
__Lbank2                             bank2        000000
__Lbank3                             bank3        000000
__Lbank4                             bank4        000000
__Lbank5                             bank5        000000
__Lbank6                             bank6        000000
__Lbank7                             bank7        000000
__Lbank8                             bank8        000000
__Lbank9                             bank9        000000
__Lbigbss                            bigbss       000000
__Lbigdata                           bigdata      000000
__Lbigram                            bigram       000000
__Lbss                               bss          000000
__Lcinit                             cinit        000000
__Lclrtext                           clrtext      000000
__Lcomram                            comram       000000
__Lconfig                            config       000000
__Lconst                             const        000000
__LcstackCOMRAM                      cstackCOMRAM 000000
__Ldata                              data         000000
__Leeprom_data                       eeprom_data  000000
__Lfarbss                            farbss       000000
__Lfardata                           fardata      000000
__Libigdata                          ibigdata     000000
__Lidata                             idata        000000
__Lidloc                             idloc        000000
__Lifardata                          ifardata     000000
__Linit                              init         000000
__Lintcode                           intcode      000000
__Lintcode_body                      intcode_body 000000
__Lintcodelo                         intcodelo    000000
__Lintentry                          intentry     000000
__Lintret                            intret       000000
__Lintsave_regs                      intsave_regs 000000
__Lirdata                            irdata       000000
__Lmediumconst                       mediumconst  000000
__LnvFARRAM                          nvFARRAM     000000
__Lnvbit                             nvbit        000000
__Lnvrram                            nvrram       000000
__Lparam                             rparam       000000
__Lpowerup                           powerup      000000
__Lram                               ram          000000
__Lrbit                              rbit         000000
__Lrbss                              rbss         000000
__Lrdata                             rdata        000000
__Lreset_vec                         reset_vec    000000
__Lrparam                            rparam       000000
__Lsfr                               sfr          000000
__Lsmallconst                        smallconst   000000
__Lspace_0                           (abs)        000000
__Lspace_1                           (abs)        000000
__Lspace_2                           (abs)        000000
__Lspace_4                           (abs)        000000
__Lstack                             stack        000000
__Lstruct                            struct       000000
__Ltemp                              temp         000000
__Ltext                              text         000000
__Ltext0                             text0        000000
__Ltext1                             text1        000000
__Ltext2                             text2        000000
__Ltext3                             text3        000000
__S1                                 (abs)        000000
__S4                                 (abs)        000000
__S5                                 (abs)        000000
___inthi_sp                          stack        000000
___intlo_sp                          stack        000000
___param_bank                        (abs)        000000
___sp                                stack        000000
__activetblptr                       (abs)        000000
__mediumconst                        mediumconst  000000
__pcstackCOMRAM                      cstackCOMRAM 000000
__size_of_OSCILLATOR_Initialize      (abs)        000000
__size_of_PIN_MANAGER_Initialize     (abs)        000000
__size_of_SYSTEM_Initialize          (abs)        000000
__size_of_main                       (abs)        000000
__smallconst                         smallconst   000000
intlevel0                            text         000000
intlevel1                            text         000000
intlevel2                            text         000000
intlevel3                            text         000000
__LRAM                               (abs)        000001
___rparam_used                       (abs)        000001
__Hinit                              init         000004
__accesstop                          (abs)        000060
_ANSELA                              (abs)        000F38
_ANSELB                              (abs)        000F39
_ANSELC                              (abs)        000F3A
_WPUB                                (abs)        000F61
_LATA                                (abs)        000F89
_LATB                                (abs)        000F8A
_LATC                                (abs)        000F8B
_TRISA                               (abs)        000F92
_TRISB                               (abs)        000F93
_TRISC                               (abs)        000F94
_OSCTUNE                             (abs)        000F9B
_OSCCON2                             (abs)        000FD2
_OSCCON                              (abs)        000FD3
_INTCON2bits                         (abs)        000FF1
_INTCONbits                          (abs)        000FF2
__Hramtop                            ramtop       001000
__Lramtop                            ramtop       001000
__ramtop                             ramtop       001000
_PLLRDY                              (abs)        007E97
__end_of__initialization             cinit        00FF98
__initialization                     cinit        00FF98
__pcinit                             cinit        00FF98
end_of_initialization                cinit        00FF98
_SYSTEM_Initialize                   text1        00FF9E
__ptext1                             text1        00FF9E
__end_of_SYSTEM_Initialize           text1        00FFA8
__ptext0                             text0        00FFA8
_main                                text0        00FFA8
_OSCILLATOR_Initialize               text3        00FFBC
__end_of_main                        text0        00FFBC
__ptext3                             text3        00FFBC
_PIN_MANAGER_Initialize              text2        00FFD8
__end_of_OSCILLATOR_Initialize       text3        00FFD8
__ptext2                             text2        00FFD8
__Hspace_0                           (abs)        010000
__S0                                 (abs)        010000
__end_of_PIN_MANAGER_Initialize      text2        010000
__Hidloc                             idloc        200008
__Hconfig                            config       30000E
__Hspace_4                           (abs)        60000E
stackhi                              (abs)        000000
stacklo                              (abs)        000000
start                                init         000000
start_initialization                 cinit        00FF98
